// Jest Snapshot v1, https://goo.gl/fbAQLP

exports[`WeatherIcon outputs correct html 1`] = `
<i
  class="wi wi-forecast-io-rain"
  data-testid="weather-icon"
  style="color: rgb(139, 233, 253);"
/>
`;
